--  <samples/fib.decaf >tmp.asm
-- spim  -file tmp.asm
 
SPIM Version 8.0 of January 8, 2010
Copyright 1990-2010, James R. Larus.
All Rights Reserved.
See the file README for a full copyright notice.
Loaded: trap.handler

This program computes Fibonacci numbers (slowly.. but correctly!)

Enter the fibonacci number you want: (-1 to quit) 